ARM Linker, 5.03 [Build 76] [MDK-ARM Lite]

==============================================================================

Section Cross References

    startup.o(RESET) refers to startup.o(STACK) for StackMem
    startup.o(RESET) refers to tasks.o(i.SysTick_Handler) for SysTick_Handler
    startup.o(RESET) refers to entry.o(.ARM.Collect$$$$00000000) for __main
    st7735.o(i.Output_Clear) refers to st7735.o(i.ST7735_FillScreen) for ST7735_FillScreen
    st7735.o(i.Output_Color) refers to st7735.o(i.ST7735_SetTextColor) for ST7735_SetTextColor
    st7735.o(i.Output_Init) refers to st7735.o(i.ST7735_InitR) for ST7735_InitR
    st7735.o(i.Output_Init) refers to st7735.o(i.ST7735_FillScreen) for ST7735_FillScreen
    st7735.o(i.Output_Off) refers to st7735.o(i.Output_Clear) for Output_Clear
    st7735.o(i.Output_On) refers to st7735.o(i.Output_Init) for Output_Init
    st7735.o(i.ST7735_DrawBitmap) refers to st7735.o(i.setAddrWindow) for setAddrWindow
    st7735.o(i.ST7735_DrawBitmap) refers to st7735.o(i.writedata) for writedata
    st7735.o(i.ST7735_DrawBitmap) refers to st7735.o(.data) for _width
    st7735.o(i.ST7735_DrawChar) refers to st7735.o(i.setAddrWindow) for setAddrWindow
    st7735.o(i.ST7735_DrawChar) refers to st7735.o(i.pushColor) for pushColor
    st7735.o(i.ST7735_DrawChar) refers to st7735.o(.data) for _width
    st7735.o(i.ST7735_DrawChar) refers to st7735.o(.constdata) for Font
    st7735.o(i.ST7735_DrawCharS) refers to st7735.o(i.ST7735_DrawPixel) for ST7735_DrawPixel
    st7735.o(i.ST7735_DrawCharS) refers to st7735.o(i.ST7735_FillRect) for ST7735_FillRect
    st7735.o(i.ST7735_DrawCharS) refers to st7735.o(.data) for _width
    st7735.o(i.ST7735_DrawCharS) refers to st7735.o(.constdata) for Font
    st7735.o(i.ST7735_DrawFastHLine) refers to st7735.o(i.setAddrWindow) for setAddrWindow
    st7735.o(i.ST7735_DrawFastHLine) refers to st7735.o(i.writedata) for writedata
    st7735.o(i.ST7735_DrawFastHLine) refers to st7735.o(.data) for _width
    st7735.o(i.ST7735_DrawFastVLine) refers to st7735.o(i.setAddrWindow) for setAddrWindow
    st7735.o(i.ST7735_DrawFastVLine) refers to st7735.o(i.writedata) for writedata
    st7735.o(i.ST7735_DrawFastVLine) refers to st7735.o(.data) for _width
    st7735.o(i.ST7735_DrawPixel) refers to st7735.o(i.setAddrWindow) for setAddrWindow
    st7735.o(i.ST7735_DrawPixel) refers to st7735.o(i.pushColor) for pushColor
    st7735.o(i.ST7735_DrawPixel) refers to st7735.o(.data) for _width
    st7735.o(i.ST7735_DrawString) refers to st7735.o(i.ST7735_DrawCharS) for ST7735_DrawCharS
    st7735.o(i.ST7735_FillRect) refers to st7735.o(i.setAddrWindow) for setAddrWindow
    st7735.o(i.ST7735_FillRect) refers to st7735.o(i.writedata) for writedata
    st7735.o(i.ST7735_FillRect) refers to st7735.o(.data) for _width
    st7735.o(i.ST7735_FillScreen) refers to st7735.o(i.ST7735_FillRect) for ST7735_FillRect
    st7735.o(i.ST7735_FillScreen) refers to st7735.o(.data) for _height
    st7735.o(i.ST7735_InitB) refers to st7735.o(i.commonInit) for commonInit
    st7735.o(i.ST7735_InitB) refers to st7735.o(i.ST7735_SetCursor) for ST7735_SetCursor
    st7735.o(i.ST7735_InitB) refers to st7735.o(i.ST7735_FillScreen) for ST7735_FillScreen
    st7735.o(i.ST7735_InitB) refers to st7735.o(.constdata) for Bcmd
    st7735.o(i.ST7735_InitB) refers to st7735.o(.data) for StTextColor
    st7735.o(i.ST7735_InitR) refers to st7735.o(i.commonInit) for commonInit
    st7735.o(i.ST7735_InitR) refers to st7735.o(i.commandList) for commandList
    st7735.o(i.ST7735_InitR) refers to st7735.o(i.writecommand) for writecommand
    st7735.o(i.ST7735_InitR) refers to st7735.o(i.writedata) for writedata
    st7735.o(i.ST7735_InitR) refers to st7735.o(i.ST7735_SetCursor) for ST7735_SetCursor
    st7735.o(i.ST7735_InitR) refers to st7735.o(i.ST7735_FillScreen) for ST7735_FillScreen
    st7735.o(i.ST7735_InitR) refers to st7735.o(.constdata) for Rcmd1
    st7735.o(i.ST7735_InitR) refers to st7735.o(.data) for ColStart
    st7735.o(i.ST7735_InvertDisplay) refers to st7735.o(i.writecommand) for writecommand
    st7735.o(i.ST7735_OutChar) refers to st7735.o(i.ST7735_DrawString) for ST7735_DrawString
    st7735.o(i.ST7735_OutChar) refers to st7735.o(i.ST7735_DrawCharS) for ST7735_DrawCharS
    st7735.o(i.ST7735_OutChar) refers to st7735.o(.data) for StY
    st7735.o(i.ST7735_OutString) refers to st7735.o(i.ST7735_OutChar) for ST7735_OutChar
    st7735.o(i.ST7735_OutUDec) refers to st7735.o(i.fillmessage) for fillmessage
    st7735.o(i.ST7735_OutUDec) refers to st7735.o(i.ST7735_DrawString) for ST7735_DrawString
    st7735.o(i.ST7735_OutUDec) refers to st7735.o(i.ST7735_DrawCharS) for ST7735_DrawCharS
    st7735.o(i.ST7735_OutUDec) refers to st7735.o(.data) for Messageindex
    st7735.o(i.ST7735_OutUDec) refers to st7735.o(.bss) for Message
    st7735.o(i.ST7735_PlotBar) refers to st7735.o(i.ST7735_DrawFastVLine) for ST7735_DrawFastVLine
    st7735.o(i.ST7735_PlotBar) refers to st7735.o(.data) for Ymin
    st7735.o(i.ST7735_PlotClear) refers to st7735.o(i.ST7735_Color565) for ST7735_Color565
    st7735.o(i.ST7735_PlotClear) refers to st7735.o(i.ST7735_FillRect) for ST7735_FillRect
    st7735.o(i.ST7735_PlotClear) refers to st7735.o(.data) for Ymax
    st7735.o(i.ST7735_PlotLine) refers to st7735.o(i.ST7735_DrawPixel) for ST7735_DrawPixel
    st7735.o(i.ST7735_PlotLine) refers to st7735.o(.data) for Ymin
    st7735.o(i.ST7735_PlotNext) refers to st7735.o(.data) for X
    st7735.o(i.ST7735_PlotNextErase) refers to st7735.o(i.ST7735_Color565) for ST7735_Color565
    st7735.o(i.ST7735_PlotNextErase) refers to st7735.o(i.ST7735_DrawFastVLine) for ST7735_DrawFastVLine
    st7735.o(i.ST7735_PlotNextErase) refers to st7735.o(.data) for X
    st7735.o(i.ST7735_PlotPoint) refers to st7735.o(i.ST7735_DrawPixel) for ST7735_DrawPixel
    st7735.o(i.ST7735_PlotPoint) refers to st7735.o(.data) for Ymin
    st7735.o(i.ST7735_PlotPoints) refers to st7735.o(i.ST7735_DrawPixel) for ST7735_DrawPixel
    st7735.o(i.ST7735_PlotPoints) refers to st7735.o(.data) for Ymin
    st7735.o(i.ST7735_PlotdBfs) refers to st7735.o(i.ST7735_DrawFastVLine) for ST7735_DrawFastVLine
    st7735.o(i.ST7735_PlotdBfs) refers to st7735.o(.constdata) for dBfs
    st7735.o(i.ST7735_PlotdBfs) refers to st7735.o(.data) for X
    st7735.o(i.ST7735_SetCursor) refers to st7735.o(.data) for StX
    st7735.o(i.ST7735_SetRotation) refers to st7735.o(i.writecommand) for writecommand
    st7735.o(i.ST7735_SetRotation) refers to st7735.o(i.writedata) for writedata
    st7735.o(i.ST7735_SetRotation) refers to st7735.o(.data) for Rotation
    st7735.o(i.ST7735_SetTextColor) refers to st7735.o(.data) for StTextColor
    st7735.o(i.commandList) refers to st7735.o(i.writecommand) for writecommand
    st7735.o(i.commandList) refers to st7735.o(i.writedata) for writedata
    st7735.o(i.commandList) refers to st7735.o(i.Delay1ms) for Delay1ms
    st7735.o(i.commonInit) refers to st7735.o(i.Delay1ms) for Delay1ms
    st7735.o(i.commonInit) refers to st7735.o(i.commandList) for commandList
    st7735.o(i.commonInit) refers to st7735.o(.data) for RowStart
    st7735.o(i.fillmessage) refers to st7735.o(.bss) for Message
    st7735.o(i.fillmessage) refers to st7735.o(.data) for Messageindex
    st7735.o(i.fputc) refers to st7735.o(i.ST7735_OutChar) for ST7735_OutChar
    st7735.o(i.pushColor) refers to st7735.o(i.writedata) for writedata
    st7735.o(i.setAddrWindow) refers to st7735.o(i.writecommand) for writecommand
    st7735.o(i.setAddrWindow) refers to st7735.o(i.writedata) for writedata
    st7735.o(i.setAddrWindow) refers to st7735.o(.data) for ColStart
    cpe355projectstarter.o(i.GameDraw) refers to st7735.o(i.ST7735_DrawBitmap) for ST7735_DrawBitmap
    cpe355projectstarter.o(i.GameDraw) refers to cpe355projectstarter.o(.bss) for Enemy
    cpe355projectstarter.o(i.GameDraw) refers to cpe355projectstarter.o(.data) for FrameCount
    cpe355projectstarter.o(i.GameDraw) refers to cpe355projectstarter.o(.constdata) for Bunker0
    cpe355projectstarter.o(i.GameInit) refers to tasks.o(.data) for Flag
    cpe355projectstarter.o(i.GameInit) refers to cpe355projectstarter.o(.bss) for Enemy
    cpe355projectstarter.o(i.GameInit) refers to cpe355projectstarter.o(.constdata) for BlackEnemy
    cpe355projectstarter.o(i.GameInit) refers to tasks.o(.bss) for Bunker
    cpe355projectstarter.o(i.GameMove) refers to slide.o(i.Slide) for Slide
    cpe355projectstarter.o(i.GameMove) refers to button.o(i.Shoot_SW) for Shoot_SW
    cpe355projectstarter.o(i.GameMove) refers to button.o(i.Shoot) for Shoot
    cpe355projectstarter.o(i.GameMove) refers to cpe355projectstarter.o(.bss) for SpaceShip
    cpe355projectstarter.o(i.main) refers to pll.o(i.PLL_Init) for PLL_Init
    cpe355projectstarter.o(i.main) refers to st7735.o(i.Output_Init) for Output_Init
    cpe355projectstarter.o(i.main) refers to cpe355projectstarter.o(i.GameInit) for GameInit
    cpe355projectstarter.o(i.main) refers to random.o(.text) for Random_Init
    cpe355projectstarter.o(i.main) refers to button.o(i.Button_Init) for Button_Init
    cpe355projectstarter.o(i.main) refers to st7735.o(i.ST7735_FillScreen) for ST7735_FillScreen
    cpe355projectstarter.o(i.main) refers to text.o(i.MainMenu) for MainMenu
    cpe355projectstarter.o(i.main) refers to text.o(i.DelayWait10ms) for DelayWait10ms
    cpe355projectstarter.o(i.main) refers to text.o(i.Menu_Clear) for Menu_Clear
    cpe355projectstarter.o(i.main) refers to button.o(i.Shoot_SW) for Shoot_SW
    cpe355projectstarter.o(i.main) refers to text.o(i.SubMenu_Clear) for SubMenu_Clear
    cpe355projectstarter.o(i.main) refers to tasks.o(i.Game_Task_Init) for Game_Task_Init
    cpe355projectstarter.o(i.main) refers to text.o(i.Ingame) for Ingame
    cpe355projectstarter.o(i.main) refers to cpe355projectstarter.o(i.GameDraw) for GameDraw
    cpe355projectstarter.o(i.main) refers to text.o(i.Player_Ship_Clear) for Player_Ship_Clear
    cpe355projectstarter.o(i.main) refers to text.o(i.Clear_Lower) for Clear_Lower
    cpe355projectstarter.o(i.main) refers to text.o(i.Menu) for Menu
    cpe355projectstarter.o(i.main) refers to tasks.o(.data) for highscore
    cpe355projectstarter.o(i.main) refers to cpe355projectstarter.o(.data) for clear_ship
    cpe355projectstarter.o(i.main) refers to cpe355projectstarter.o(.bss) for SpaceShip
    slide.o(i.ADC0_InSeq3) refers to slide.o(.data) for result
    slide.o(i.Slide) refers to slide.o(.data) for result
    text.o(i.Clear_All) refers to functions.o(i.Clear) for Clear
    text.o(i.Clear_Lower) refers to functions.o(i.Clear) for Clear
    text.o(i.Clear_Upper) refers to functions.o(i.Clear) for Clear
    text.o(i.Draw_Text) refers to st7735.o(i.ST7735_DrawCharS) for ST7735_DrawCharS
    text.o(i.Draw_Text) refers to strlen.o(.text) for strlen
    text.o(i.Draw_White_Text) refers to text.o(i.Draw_Text) for Draw_Text
    text.o(i.GO_Menu) refers to text.o(i.Menu_Clear) for Menu_Clear
    text.o(i.GO_Menu) refers to text.o(i.SubMenu_Clear) for SubMenu_Clear
    text.o(i.GO_Menu) refers to memcpya.o(.text) for __aeabi_memcpy4
    text.o(i.GO_Menu) refers to strlen.o(.text) for strlen
    text.o(i.GO_Menu) refers to text.o(i.Draw_Text) for Draw_Text
    text.o(i.Ingame) refers to text.o(i.MainMenu) for MainMenu
    text.o(i.Ingame) refers to printf1.o(i.__0sprintf$1) for __2sprintf
    text.o(i.Ingame) refers to strlen.o(.text) for strlen
    text.o(i.MMenu) refers to strlen.o(.text) for strlen
    text.o(i.MMenu) refers to text.o(i.Draw_White_Text) for Draw_White_Text
    text.o(i.MainMenu) refers to memcpya.o(.text) for __aeabi_memcpy4
    text.o(i.MainMenu) refers to strlen.o(.text) for strlen
    text.o(i.MainMenu) refers to printf1.o(i.__0sprintf$1) for __2sprintf
    text.o(i.Menu) refers to text.o(i.MMenu) for MMenu
    text.o(i.Menu) refers to text.o(i.GO_Menu) for GO_Menu
    text.o(i.Menu_Clear) refers to functions.o(i.Clear) for Clear
    text.o(i.Player_Ship_Clear) refers to st7735.o(i.ST7735_FillRect) for ST7735_FillRect
    text.o(i.Player_Ship_Clear) refers to cpe355projectstarter.o(.bss) for SpaceShip
    text.o(i.SubMenu_Clear) refers to functions.o(i.Clear) for Clear
    systick.o(i.SysTick_Wait10ms) refers to systick.o(i.SysTick_Wait) for SysTick_Wait
    button.o(i.Shoot) refers to cpe355projectstarter.o(.bss) for Laser
    random.o(.text) refers to random.o(DATA) for M
    tasks.o(i.Enemy_Count) refers to tasks.o(.data) for enemy_Count
    tasks.o(i.Enemy_Count) refers to cpe355projectstarter.o(.bss) for Enemy
    tasks.o(i.Game_Move) refers to button.o(i.Shoot_SW) for Shoot_SW
    tasks.o(i.Game_Move) refers to tasks.o(i.Shoot_Laser) for Shoot_Laser
    tasks.o(i.Game_Move) refers to cpe355projectstarter.o(.bss) for Laser
    tasks.o(i.Game_Move) refers to tasks.o(.data) for Anyalive
    tasks.o(i.Game_Task_Init) refers to startup.o(.text) for EnableInterrupts
    tasks.o(i.Game_Task_Init) refers to tasks.o(.data) for FR_30_HZ
    tasks.o(i.Hit_Detection) refers to memcpya.o(.text) for __aeabi_memcpy4
    tasks.o(i.Hit_Detection) refers to tasks.o(i.New_SpaceShip) for New_SpaceShip
    tasks.o(i.Hit_Detection) refers to cpe355projectstarter.o(.bss) for Laser
    tasks.o(i.Hit_Detection) refers to tasks.o(.data) for i_bound
    tasks.o(i.Hit_Detection) refers to tasks.o(.bss) for Bunker
    tasks.o(i.Level_Size) refers to tasks.o(.data) for level
    tasks.o(i.New_SpaceShip) refers to tasks.o(.data) for clear_player_ship
    tasks.o(i.Shoot_Enemy) refers to random.o(.text) for Random32
    tasks.o(i.Shoot_Enemy) refers to tasks.o(.data) for i_bound
    tasks.o(i.Shoot_Enemy) refers to cpe355projectstarter.o(.bss) for Laser
    tasks.o(i.Shoot_Laser) refers to cpe355projectstarter.o(.bss) for SpaceShip
    tasks.o(i.SysTick_Handler) refers to tasks.o(i.Level_Size) for Level_Size
    tasks.o(i.SysTick_Handler) refers to tasks.o(i.Enemy_Count) for Enemy_Count
    tasks.o(i.SysTick_Handler) refers to tasks.o(i.Hit_Detection) for Hit_Detection
    tasks.o(i.SysTick_Handler) refers to tasks.o(i.Game_Move) for Game_Move
    tasks.o(i.SysTick_Handler) refers to tasks.o(i.Shoot_Enemy) for Shoot_Enemy
    tasks.o(i.SysTick_Handler) refers to tasks.o(.data) for game_fin
    functions.o(i.Clear) refers to st7735.o(i.ST7735_FillRect) for ST7735_FillRect
    entry.o(.ARM.Collect$$$$00000000) refers (Special) to entry10a.o(.ARM.Collect$$$$0000000D) for __rt_final_cpp
    entry.o(.ARM.Collect$$$$00000000) refers (Special) to entry11a.o(.ARM.Collect$$$$0000000F) for __rt_final_exit
    entry.o(.ARM.Collect$$$$00000000) refers (Special) to entry7b.o(.ARM.Collect$$$$00000008) for _main_clock
    entry.o(.ARM.Collect$$$$00000000) refers (Special) to entry8b.o(.ARM.Collect$$$$0000000A) for _main_cpp_init
    entry.o(.ARM.Collect$$$$00000000) refers (Special) to entry9a.o(.ARM.Collect$$$$0000000B) for _main_init
    entry.o(.ARM.Collect$$$$00000000) refers (Special) to entry5.o(.ARM.Collect$$$$00000004) for _main_scatterload
    entry.o(.ARM.Collect$$$$00000000) refers (Special) to entry2.o(.ARM.Collect$$$$00000001) for _main_stk
    printfb.o(i.__0fprintf$bare) refers to printfb.o(i._printf_core) for _printf_core
    printfb.o(i.__0fprintf$bare) refers to st7735.o(i.fputc) for fputc
    printfb.o(i.__0printf$bare) refers to printfb.o(i._printf_core) for _printf_core
    printfb.o(i.__0printf$bare) refers to st7735.o(i.fputc) for fputc
    printfb.o(i.__0printf$bare) refers to stdout.o(.data) for __stdout
    printfb.o(i.__0snprintf$bare) refers to printfb.o(i._printf_core) for _printf_core
    printfb.o(i.__0snprintf$bare) refers to printfb.o(i._snputc) for _snputc
    printfb.o(i.__0sprintf$bare) refers to printfb.o(i._printf_core) for _printf_core
    printfb.o(i.__0sprintf$bare) refers to printfb.o(i._sputc) for _sputc
    printfb.o(i.__0vfprintf$bare) refers to printfb.o(i._printf_core) for _printf_core
    printfb.o(i.__0vfprintf$bare) refers to st7735.o(i.fputc) for fputc
    printfb.o(i.__0vprintf$bare) refers to printfb.o(i._printf_core) for _printf_core
    printfb.o(i.__0vprintf$bare) refers to st7735.o(i.fputc) for fputc
    printfb.o(i.__0vprintf$bare) refers to stdout.o(.data) for __stdout
    printfb.o(i.__0vsnprintf$bare) refers to printfb.o(i._printf_core) for _printf_core
    printfb.o(i.__0vsnprintf$bare) refers to printfb.o(i._snputc) for _snputc
    printfb.o(i.__0vsprintf$bare) refers to printfb.o(i._printf_core) for _printf_core
    printfb.o(i.__0vsprintf$bare) refers to printfb.o(i._sputc) for _sputc
    printf0.o(i.__0fprintf$0) refers to printf0.o(i._printf_core) for _printf_core
    printf0.o(i.__0fprintf$0) refers to st7735.o(i.fputc) for fputc
    printf0.o(i.__0printf$0) refers to printf0.o(i._printf_core) for _printf_core
    printf0.o(i.__0printf$0) refers to st7735.o(i.fputc) for fputc
    printf0.o(i.__0printf$0) refers to stdout.o(.data) for __stdout
    printf0.o(i.__0snprintf$0) refers to printf0.o(i._printf_core) for _printf_core
    printf0.o(i.__0snprintf$0) refers to printf0.o(i._snputc) for _snputc
    printf0.o(i.__0sprintf$0) refers to printf0.o(i._printf_core) for _printf_core
    printf0.o(i.__0sprintf$0) refers to printf0.o(i._sputc) for _sputc
    printf0.o(i.__0vfprintf$0) refers to printf0.o(i._printf_core) for _printf_core
    printf0.o(i.__0vfprintf$0) refers to st7735.o(i.fputc) for fputc
    printf0.o(i.__0vprintf$0) refers to printf0.o(i._printf_core) for _printf_core
    printf0.o(i.__0vprintf$0) refers to st7735.o(i.fputc) for fputc
    printf0.o(i.__0vprintf$0) refers to stdout.o(.data) for __stdout
    printf0.o(i.__0vsnprintf$0) refers to printf0.o(i._printf_core) for _printf_core
    printf0.o(i.__0vsnprintf$0) refers to printf0.o(i._snputc) for _snputc
    printf0.o(i.__0vsprintf$0) refers to printf0.o(i._printf_core) for _printf_core
    printf0.o(i.__0vsprintf$0) refers to printf0.o(i._sputc) for _sputc
    printf1.o(i.__0fprintf$1) refers to printf1.o(i._printf_core) for _printf_core
    printf1.o(i.__0fprintf$1) refers to st7735.o(i.fputc) for fputc
    printf1.o(i.__0printf$1) refers to printf1.o(i._printf_core) for _printf_core
    printf1.o(i.__0printf$1) refers to st7735.o(i.fputc) for fputc
    printf1.o(i.__0printf$1) refers to stdout.o(.data) for __stdout
    printf1.o(i.__0snprintf$1) refers to printf1.o(i._printf_core) for _printf_core
    printf1.o(i.__0snprintf$1) refers to printf1.o(i._snputc) for _snputc
    printf1.o(i.__0sprintf$1) refers to printf1.o(i._printf_core) for _printf_core
    printf1.o(i.__0sprintf$1) refers to printf1.o(i._sputc) for _sputc
    printf1.o(i.__0vfprintf$1) refers to printf1.o(i._printf_core) for _printf_core
    printf1.o(i.__0vfprintf$1) refers to st7735.o(i.fputc) for fputc
    printf1.o(i.__0vprintf$1) refers to printf1.o(i._printf_core) for _printf_core
    printf1.o(i.__0vprintf$1) refers to st7735.o(i.fputc) for fputc
    printf1.o(i.__0vprintf$1) refers to stdout.o(.data) for __stdout
    printf1.o(i.__0vsnprintf$1) refers to printf1.o(i._printf_core) for _printf_core
    printf1.o(i.__0vsnprintf$1) refers to printf1.o(i._snputc) for _snputc
    printf1.o(i.__0vsprintf$1) refers to printf1.o(i._printf_core) for _printf_core
    printf1.o(i.__0vsprintf$1) refers to printf1.o(i._sputc) for _sputc
    printf1.o(i._printf_core) refers to uidiv.o(.text) for __aeabi_uidivmod
    printf2.o(i.__0fprintf$2) refers to printf2.o(i._printf_core) for _printf_core
    printf2.o(i.__0fprintf$2) refers to st7735.o(i.fputc) for fputc
    printf2.o(i.__0printf$2) refers to printf2.o(i._printf_core) for _printf_core
    printf2.o(i.__0printf$2) refers to st7735.o(i.fputc) for fputc
    printf2.o(i.__0printf$2) refers to stdout.o(.data) for __stdout
    printf2.o(i.__0snprintf$2) refers to printf2.o(i._printf_core) for _printf_core
    printf2.o(i.__0snprintf$2) refers to printf2.o(i._snputc) for _snputc
    printf2.o(i.__0sprintf$2) refers to printf2.o(i._printf_core) for _printf_core
    printf2.o(i.__0sprintf$2) refers to printf2.o(i._sputc) for _sputc
    printf2.o(i.__0vfprintf$2) refers to printf2.o(i._printf_core) for _printf_core
    printf2.o(i.__0vfprintf$2) refers to st7735.o(i.fputc) for fputc
    printf2.o(i.__0vprintf$2) refers to printf2.o(i._printf_core) for _printf_core
    printf2.o(i.__0vprintf$2) refers to st7735.o(i.fputc) for fputc
    printf2.o(i.__0vprintf$2) refers to stdout.o(.data) for __stdout
    printf2.o(i.__0vsnprintf$2) refers to printf2.o(i._printf_core) for _printf_core
    printf2.o(i.__0vsnprintf$2) refers to printf2.o(i._snputc) for _snputc
    printf2.o(i.__0vsprintf$2) refers to printf2.o(i._printf_core) for _printf_core
    printf2.o(i.__0vsprintf$2) refers to printf2.o(i._sputc) for _sputc
    printf3.o(i.__0fprintf$3) refers to printf3.o(i._printf_core) for _printf_core
    printf3.o(i.__0fprintf$3) refers to st7735.o(i.fputc) for fputc
    printf3.o(i.__0printf$3) refers to printf3.o(i._printf_core) for _printf_core
    printf3.o(i.__0printf$3) refers to st7735.o(i.fputc) for fputc
    printf3.o(i.__0printf$3) refers to stdout.o(.data) for __stdout
    printf3.o(i.__0snprintf$3) refers to printf3.o(i._printf_core) for _printf_core
    printf3.o(i.__0snprintf$3) refers to printf3.o(i._snputc) for _snputc
    printf3.o(i.__0sprintf$3) refers to printf3.o(i._printf_core) for _printf_core
    printf3.o(i.__0sprintf$3) refers to printf3.o(i._sputc) for _sputc
    printf3.o(i.__0vfprintf$3) refers to printf3.o(i._printf_core) for _printf_core
    printf3.o(i.__0vfprintf$3) refers to st7735.o(i.fputc) for fputc
    printf3.o(i.__0vprintf$3) refers to printf3.o(i._printf_core) for _printf_core
    printf3.o(i.__0vprintf$3) refers to st7735.o(i.fputc) for fputc
    printf3.o(i.__0vprintf$3) refers to stdout.o(.data) for __stdout
    printf3.o(i.__0vsnprintf$3) refers to printf3.o(i._printf_core) for _printf_core
    printf3.o(i.__0vsnprintf$3) refers to printf3.o(i._snputc) for _snputc
    printf3.o(i.__0vsprintf$3) refers to printf3.o(i._printf_core) for _printf_core
    printf3.o(i.__0vsprintf$3) refers to printf3.o(i._sputc) for _sputc
    printf3.o(i._printf_core) refers to uidiv.o(.text) for __aeabi_uidivmod
    printf4.o(i.__0fprintf$4) refers to printf4.o(i._printf_core) for _printf_core
    printf4.o(i.__0fprintf$4) refers to st7735.o(i.fputc) for fputc
    printf4.o(i.__0printf$4) refers to printf4.o(i._printf_core) for _printf_core
    printf4.o(i.__0printf$4) refers to st7735.o(i.fputc) for fputc
    printf4.o(i.__0printf$4) refers to stdout.o(.data) for __stdout
    printf4.o(i.__0snprintf$4) refers to printf4.o(i._printf_core) for _printf_core
    printf4.o(i.__0snprintf$4) refers to printf4.o(i._snputc) for _snputc
    printf4.o(i.__0sprintf$4) refers to printf4.o(i._printf_core) for _printf_core
    printf4.o(i.__0sprintf$4) refers to printf4.o(i._sputc) for _sputc
    printf4.o(i.__0vfprintf$4) refers to printf4.o(i._printf_core) for _printf_core
    printf4.o(i.__0vfprintf$4) refers to st7735.o(i.fputc) for fputc
    printf4.o(i.__0vprintf$4) refers to printf4.o(i._printf_core) for _printf_core
    printf4.o(i.__0vprintf$4) refers to st7735.o(i.fputc) for fputc
    printf4.o(i.__0vprintf$4) refers to stdout.o(.data) for __stdout
    printf4.o(i.__0vsnprintf$4) refers to printf4.o(i._printf_core) for _printf_core
    printf4.o(i.__0vsnprintf$4) refers to printf4.o(i._snputc) for _snputc
    printf4.o(i.__0vsprintf$4) refers to printf4.o(i._printf_core) for _printf_core
    printf4.o(i.__0vsprintf$4) refers to printf4.o(i._sputc) for _sputc
    printf4.o(i._printf_core) refers to uldiv.o(.text) for __aeabi_uldivmod
    printf5.o(i.__0fprintf$5) refers to printf5.o(i._printf_core) for _printf_core
    printf5.o(i.__0fprintf$5) refers to st7735.o(i.fputc) for fputc
    printf5.o(i.__0printf$5) refers to printf5.o(i._printf_core) for _printf_core
    printf5.o(i.__0printf$5) refers to st7735.o(i.fputc) for fputc
    printf5.o(i.__0printf$5) refers to stdout.o(.data) for __stdout
    printf5.o(i.__0snprintf$5) refers to printf5.o(i._printf_core) for _printf_core
    printf5.o(i.__0snprintf$5) refers to printf5.o(i._snputc) for _snputc
    printf5.o(i.__0sprintf$5) refers to printf5.o(i._printf_core) for _printf_core
    printf5.o(i.__0sprintf$5) refers to printf5.o(i._sputc) for _sputc
    printf5.o(i.__0vfprintf$5) refers to printf5.o(i._printf_core) for _printf_core
    printf5.o(i.__0vfprintf$5) refers to st7735.o(i.fputc) for fputc
    printf5.o(i.__0vprintf$5) refers to printf5.o(i._printf_core) for _printf_core
    printf5.o(i.__0vprintf$5) refers to st7735.o(i.fputc) for fputc
    printf5.o(i.__0vprintf$5) refers to stdout.o(.data) for __stdout
    printf5.o(i.__0vsnprintf$5) refers to printf5.o(i._printf_core) for _printf_core
    printf5.o(i.__0vsnprintf$5) refers to printf5.o(i._snputc) for _snputc
    printf5.o(i.__0vsprintf$5) refers to printf5.o(i._printf_core) for _printf_core
    printf5.o(i.__0vsprintf$5) refers to printf5.o(i._sputc) for _sputc
    printf5.o(i._printf_core) refers to uldiv.o(.text) for __aeabi_uldivmod
    printf6.o(i.__0fprintf$6) refers to printf6.o(i._printf_core) for _printf_core
    printf6.o(i.__0fprintf$6) refers to st7735.o(i.fputc) for fputc
    printf6.o(i.__0printf$6) refers to printf6.o(i._printf_core) for _printf_core
    printf6.o(i.__0printf$6) refers to st7735.o(i.fputc) for fputc
    printf6.o(i.__0printf$6) refers to stdout.o(.data) for __stdout
    printf6.o(i.__0snprintf$6) refers to printf6.o(i._printf_core) for _printf_core
    printf6.o(i.__0snprintf$6) refers to printf6.o(i._snputc) for _snputc
    printf6.o(i.__0sprintf$6) refers to printf6.o(i._printf_core) for _printf_core
    printf6.o(i.__0sprintf$6) refers to printf6.o(i._sputc) for _sputc
    printf6.o(i.__0vfprintf$6) refers to printf6.o(i._printf_core) for _printf_core
    printf6.o(i.__0vfprintf$6) refers to st7735.o(i.fputc) for fputc
    printf6.o(i.__0vprintf$6) refers to printf6.o(i._printf_core) for _printf_core
    printf6.o(i.__0vprintf$6) refers to st7735.o(i.fputc) for fputc
    printf6.o(i.__0vprintf$6) refers to stdout.o(.data) for __stdout
    printf6.o(i.__0vsnprintf$6) refers to printf6.o(i._printf_core) for _printf_core
    printf6.o(i.__0vsnprintf$6) refers to printf6.o(i._snputc) for _snputc
    printf6.o(i.__0vsprintf$6) refers to printf6.o(i._printf_core) for _printf_core
    printf6.o(i.__0vsprintf$6) refers to printf6.o(i._sputc) for _sputc
    printf6.o(i._printf_core) refers to printf6.o(i._printf_pre_padding) for _printf_pre_padding
    printf6.o(i._printf_core) refers to uidiv.o(.text) for __aeabi_uidivmod
    printf6.o(i._printf_core) refers to printf6.o(i._printf_post_padding) for _printf_post_padding
    printf7.o(i.__0fprintf$7) refers to printf7.o(i._printf_core) for _printf_core
    printf7.o(i.__0fprintf$7) refers to st7735.o(i.fputc) for fputc
    printf7.o(i.__0printf$7) refers to printf7.o(i._printf_core) for _printf_core
    printf7.o(i.__0printf$7) refers to st7735.o(i.fputc) for fputc
    printf7.o(i.__0printf$7) refers to stdout.o(.data) for __stdout
    printf7.o(i.__0snprintf$7) refers to printf7.o(i._printf_core) for _printf_core
    printf7.o(i.__0snprintf$7) refers to printf7.o(i._snputc) for _snputc
    printf7.o(i.__0sprintf$7) refers to printf7.o(i._printf_core) for _printf_core
    printf7.o(i.__0sprintf$7) refers to printf7.o(i._sputc) for _sputc
    printf7.o(i.__0vfprintf$7) refers to printf7.o(i._printf_core) for _printf_core
    printf7.o(i.__0vfprintf$7) refers to st7735.o(i.fputc) for fputc
    printf7.o(i.__0vprintf$7) refers to printf7.o(i._printf_core) for _printf_core
    printf7.o(i.__0vprintf$7) refers to st7735.o(i.fputc) for fputc
    printf7.o(i.__0vprintf$7) refers to stdout.o(.data) for __stdout
    printf7.o(i.__0vsnprintf$7) refers to printf7.o(i._printf_core) for _printf_core
    printf7.o(i.__0vsnprintf$7) refers to printf7.o(i._snputc) for _snputc
    printf7.o(i.__0vsprintf$7) refers to printf7.o(i._printf_core) for _printf_core
    printf7.o(i.__0vsprintf$7) refers to printf7.o(i._sputc) for _sputc
    printf7.o(i._printf_core) refers to printf7.o(i._printf_pre_padding) for _printf_pre_padding
    printf7.o(i._printf_core) refers to uldiv.o(.text) for __aeabi_uldivmod
    printf7.o(i._printf_core) refers to printf7.o(i._printf_post_padding) for _printf_post_padding
    printf8.o(i.__0fprintf$8) refers to printf8.o(i._printf_core) for _printf_core
    printf8.o(i.__0fprintf$8) refers to st7735.o(i.fputc) for fputc
    printf8.o(i.__0printf$8) refers to printf8.o(i._printf_core) for _printf_core
    printf8.o(i.__0printf$8) refers to st7735.o(i.fputc) for fputc
    printf8.o(i.__0printf$8) refers to stdout.o(.data) for __stdout
    printf8.o(i.__0snprintf$8) refers to printf8.o(i._printf_core) for _printf_core
    printf8.o(i.__0snprintf$8) refers to printf8.o(i._snputc) for _snputc
    printf8.o(i.__0sprintf$8) refers to printf8.o(i._printf_core) for _printf_core
    printf8.o(i.__0sprintf$8) refers to printf8.o(i._sputc) for _sputc
    printf8.o(i.__0vfprintf$8) refers to printf8.o(i._printf_core) for _printf_core
    printf8.o(i.__0vfprintf$8) refers to st7735.o(i.fputc) for fputc
    printf8.o(i.__0vprintf$8) refers to printf8.o(i._printf_core) for _printf_core
    printf8.o(i.__0vprintf$8) refers to st7735.o(i.fputc) for fputc
    printf8.o(i.__0vprintf$8) refers to stdout.o(.data) for __stdout
    printf8.o(i.__0vsnprintf$8) refers to printf8.o(i._printf_core) for _printf_core
    printf8.o(i.__0vsnprintf$8) refers to printf8.o(i._snputc) for _snputc
    printf8.o(i.__0vsprintf$8) refers to printf8.o(i._printf_core) for _printf_core
    printf8.o(i.__0vsprintf$8) refers to printf8.o(i._sputc) for _sputc
    printf8.o(i._printf_core) refers to printf8.o(i._printf_pre_padding) for _printf_pre_padding
    printf8.o(i._printf_core) refers to uldiv.o(.text) for __aeabi_uldivmod
    printf8.o(i._printf_core) refers to printf8.o(i._printf_post_padding) for _printf_post_padding
    printfa.o(i.__0fprintf) refers (Special) to iusefp.o(.text) for __I$use$fp
    printfa.o(i.__0fprintf) refers to printfa.o(i._printf_core) for _printf_core
    printfa.o(i.__0fprintf) refers to st7735.o(i.fputc) for fputc
    printfa.o(i.__0printf) refers (Special) to iusefp.o(.text) for __I$use$fp
    printfa.o(i.__0printf) refers to printfa.o(i._printf_core) for _printf_core
    printfa.o(i.__0printf) refers to st7735.o(i.fputc) for fputc
    printfa.o(i.__0printf) refers to stdout.o(.data) for __stdout
    printfa.o(i.__0snprintf) refers (Special) to iusefp.o(.text) for __I$use$fp
    printfa.o(i.__0snprintf) refers to printfa.o(i._printf_core) for _printf_core
    printfa.o(i.__0snprintf) refers to printfa.o(i._snputc) for _snputc
    printfa.o(i.__0sprintf) refers (Special) to iusefp.o(.text) for __I$use$fp
    printfa.o(i.__0sprintf) refers to printfa.o(i._printf_core) for _printf_core
    printfa.o(i.__0sprintf) refers to printfa.o(i._sputc) for _sputc
    printfa.o(i.__0vfprintf) refers (Special) to iusefp.o(.text) for __I$use$fp
    printfa.o(i.__0vfprintf) refers to printfa.o(i._printf_core) for _printf_core
    printfa.o(i.__0vfprintf) refers to st7735.o(i.fputc) for fputc
    printfa.o(i.__0vprintf) refers (Special) to iusefp.o(.text) for __I$use$fp
    printfa.o(i.__0vprintf) refers to printfa.o(i._printf_core) for _printf_core
    printfa.o(i.__0vprintf) refers to st7735.o(i.fputc) for fputc
    printfa.o(i.__0vprintf) refers to stdout.o(.data) for __stdout
    printfa.o(i.__0vsnprintf) refers (Special) to iusefp.o(.text) for __I$use$fp
    printfa.o(i.__0vsnprintf) refers to printfa.o(i._printf_core) for _printf_core
    printfa.o(i.__0vsnprintf) refers to printfa.o(i._snputc) for _snputc
    printfa.o(i.__0vsprintf) refers (Special) to iusefp.o(.text) for __I$use$fp
    printfa.o(i.__0vsprintf) refers to printfa.o(i._printf_core) for _printf_core
    printfa.o(i.__0vsprintf) refers to printfa.o(i._sputc) for _sputc
    printfa.o(i._fp_digits) refers (Special) to iusefp.o(.text) for __I$use$fp
    printfa.o(i._fp_digits) refers to dmul.o(.text) for __aeabi_dmul
    printfa.o(i._fp_digits) refers to ddiv.o(.text) for __aeabi_ddiv
    printfa.o(i._fp_digits) refers to cdrcmple.o(.text) for __aeabi_cdrcmple
    printfa.o(i._fp_digits) refers to dadd.o(.text) for __aeabi_dadd
    printfa.o(i._fp_digits) refers to dfixul.o(.text) for __aeabi_d2ulz
    printfa.o(i._fp_digits) refers to uldiv.o(.text) for __aeabi_uldivmod
    printfa.o(i._printf_core) refers (Special) to iusefp.o(.text) for __I$use$fp
    printfa.o(i._printf_core) refers to printfa.o(i._printf_pre_padding) for _printf_pre_padding
    printfa.o(i._printf_core) refers to uldiv.o(.text) for __aeabi_uldivmod
    printfa.o(i._printf_core) refers to printfa.o(i._printf_post_padding) for _printf_post_padding
    printfa.o(i._printf_core) refers to printfa.o(i._fp_digits) for _fp_digits
    printfa.o(i._printf_core) refers to uidiv.o(.text) for __aeabi_uidivmod
    printfa.o(i._printf_post_padding) refers (Special) to iusefp.o(.text) for __I$use$fp
    printfa.o(i._printf_pre_padding) refers (Special) to iusefp.o(.text) for __I$use$fp
    printfa.o(i._snputc) refers (Special) to iusefp.o(.text) for __I$use$fp
    printfa.o(i._sputc) refers (Special) to iusefp.o(.text) for __I$use$fp
    entry2.o(.ARM.Collect$$$$00000001) refers to entry2.o(.ARM.Collect$$$$00002712) for __lit__00000000
    entry2.o(.ARM.Collect$$$$00002712) refers to startup.o(STACK) for __initial_sp
    entry2.o(__vectab_stack_and_reset_area) refers to startup.o(STACK) for __initial_sp
    entry2.o(__vectab_stack_and_reset_area) refers to entry.o(.ARM.Collect$$$$00000000) for __main
    entry5.o(.ARM.Collect$$$$00000004) refers to init.o(.text) for __scatterload
    entry9a.o(.ARM.Collect$$$$0000000B) refers to cpe355projectstarter.o(i.main) for main
    entry9b.o(.ARM.Collect$$$$0000000C) refers to cpe355projectstarter.o(i.main) for main
    uldiv.o(.text) refers to llushr.o(.text) for __aeabi_llsr
    uldiv.o(.text) refers to llshl.o(.text) for __aeabi_llsl
    dadd.o(.text) refers to llshl.o(.text) for __aeabi_llsl
    dadd.o(.text) refers to llsshr.o(.text) for __aeabi_lasr
    dadd.o(.text) refers to depilogue.o(.text) for _double_epilogue
    dmul.o(.text) refers to depilogue.o(.text) for _double_epilogue
    ddiv.o(.text) refers to depilogue.o(.text) for _double_round
    dfixul.o(.text) refers to llushr.o(.text) for __aeabi_llsr
    dfixul.o(.text) refers to llshl.o(.text) for __aeabi_llsl
    init.o(.text) refers to entry5.o(.ARM.Collect$$$$00000004) for __main_after_scatterload
    depilogue.o(.text) refers to llshl.o(.text) for __aeabi_llsl
    depilogue.o(.text) refers to llushr.o(.text) for __aeabi_llsr


==============================================================================

Removing Unused input sections from the image.

    Removing startup.o(HEAP), (0 bytes).
    Removing st7735.o(i.Output_Clear), (10 bytes).
    Removing st7735.o(i.Output_Color), (12 bytes).
    Removing st7735.o(i.Output_Off), (8 bytes).
    Removing st7735.o(i.Output_On), (8 bytes).
    Removing st7735.o(i.ST7735_Color565), (24 bytes).
    Removing st7735.o(i.ST7735_DrawChar), (268 bytes).
    Removing st7735.o(i.ST7735_DrawFastHLine), (124 bytes).
    Removing st7735.o(i.ST7735_DrawFastVLine), (124 bytes).
    Removing st7735.o(i.ST7735_DrawString), (86 bytes).
    Removing st7735.o(i.ST7735_InitB), (40 bytes).
    Removing st7735.o(i.ST7735_InvertDisplay), (22 bytes).
    Removing st7735.o(i.ST7735_OutChar), (212 bytes).
    Removing st7735.o(i.ST7735_OutString), (24 bytes).
    Removing st7735.o(i.ST7735_OutUDec), (140 bytes).
    Removing st7735.o(i.ST7735_PlotBar), (88 bytes).
    Removing st7735.o(i.ST7735_PlotClear), (92 bytes).
    Removing st7735.o(i.ST7735_PlotLine), (264 bytes).
    Removing st7735.o(i.ST7735_PlotNext), (32 bytes).
    Removing st7735.o(i.ST7735_PlotNextErase), (64 bytes).
    Removing st7735.o(i.ST7735_PlotPoint), (152 bytes).
    Removing st7735.o(i.ST7735_PlotPoints), (172 bytes).
    Removing st7735.o(i.ST7735_PlotdBfs), (60 bytes).
    Removing st7735.o(i.ST7735_SetRotation), (212 bytes).
    Removing st7735.o(i.ST7735_SetTextColor), (12 bytes).
    Removing st7735.o(i.ST7735_SwapColor), (18 bytes).
    Removing st7735.o(i.ferror), (8 bytes).
    Removing st7735.o(i.fgetc), (6 bytes).
    Removing st7735.o(i.fillmessage), (72 bytes).
    Removing st7735.o(i.fputc), (16 bytes).
    Removing st7735.o(.bss), (12 bytes).
    Removing cpe355projectstarter.o(i.GameMove), (660 bytes).
    Removing cpe355projectstarter.o(i.GameTask), (4 bytes).
    Removing slide.o(i.ADC0_InSeq3), (52 bytes).
    Removing slide.o(i.ADC0_InitSWTriggerSeq3_Ch1), (220 bytes).
    Removing slide.o(i.Slide), (40 bytes).
    Removing slide.o(.data), (8 bytes).
    Removing text.o(i.Clear_All), (16 bytes).
    Removing text.o(i.Clear_Upper), (10 bytes).
    Removing systick.o(i.SysTick_Init), (14 bytes).
    Removing systick.o(i.SysTick_Wait), (28 bytes).
    Removing systick.o(i.SysTick_Wait10ms), (28 bytes).
    Removing button.o(i.Shoot), (36 bytes).
    Removing functions.o(i.Delay_10ms), (32 bytes).
    Removing dadd.o(.text), (334 bytes).
    Removing dmul.o(.text), (228 bytes).
    Removing ddiv.o(.text), (222 bytes).
    Removing dfixul.o(.text), (48 bytes).
    Removing cdrcmple.o(.text), (40 bytes).
    Removing depilogue.o(.text), (190 bytes).

50 unused section(s) (total 4592 bytes) removed from the image.

==============================================================================

Image Symbol Table

    Local Symbols

    Symbol Name                              Value     Ov Type        Size  Object(Section)

    RESET                                    0x00000000   Section      644  startup.o(RESET)
    ../clib/microlib/division.c              0x00000000   Number         0  uldiv.o ABSOLUTE
    ../clib/microlib/division.c              0x00000000   Number         0  uidiv.o ABSOLUTE
    ../clib/microlib/init/entry.s            0x00000000   Number         0  entry2.o ABSOLUTE
    ../clib/microlib/init/entry.s            0x00000000   Number         0  entry9b.o ABSOLUTE
    ../clib/microlib/init/entry.s            0x00000000   Number         0  entry11b.o ABSOLUTE
    ../clib/microlib/init/entry.s            0x00000000   Number         0  entry11a.o ABSOLUTE
    ../clib/microlib/init/entry.s            0x00000000   Number         0  entry10b.o ABSOLUTE
    ../clib/microlib/init/entry.s            0x00000000   Number         0  entry10a.o ABSOLUTE
    ../clib/microlib/init/entry.s            0x00000000   Number         0  entry9a.o ABSOLUTE
    ../clib/microlib/init/entry.s            0x00000000   Number         0  entry.o ABSOLUTE
    ../clib/microlib/init/entry.s            0x00000000   Number         0  entry8b.o ABSOLUTE
    ../clib/microlib/init/entry.s            0x00000000   Number         0  entry8a.o ABSOLUTE
    ../clib/microlib/init/entry.s            0x00000000   Number         0  entry7b.o ABSOLUTE
    ../clib/microlib/init/entry.s            0x00000000   Number         0  entry7a.o ABSOLUTE
    ../clib/microlib/init/entry.s            0x00000000   Number         0  entry5.o ABSOLUTE
    ../clib/microlib/longlong.c              0x00000000   Number         0  llsshr.o ABSOLUTE
    ../clib/microlib/longlong.c              0x00000000   Number         0  llushr.o ABSOLUTE
    ../clib/microlib/longlong.c              0x00000000   Number         0  llshl.o ABSOLUTE
    ../clib/microlib/printf/printf.c         0x00000000   Number         0  printf1.o ABSOLUTE
    ../clib/microlib/printf/printf.c         0x00000000   Number         0  printf3.o ABSOLUTE
    ../clib/microlib/printf/printf.c         0x00000000   Number         0  printf2.o ABSOLUTE
    ../clib/microlib/printf/printf.c         0x00000000   Number         0  printfa.o ABSOLUTE
    ../clib/microlib/printf/printf.c         0x00000000   Number         0  printf8.o ABSOLUTE
    ../clib/microlib/printf/printf.c         0x00000000   Number         0  printf7.o ABSOLUTE
    ../clib/microlib/printf/printf.c         0x00000000   Number         0  printf6.o ABSOLUTE
    ../clib/microlib/printf/printf.c         0x00000000   Number         0  printf5.o ABSOLUTE
    ../clib/microlib/printf/printf.c         0x00000000   Number         0  printf4.o ABSOLUTE
    ../clib/microlib/printf/printf.c         0x00000000   Number         0  printf0.o ABSOLUTE
    ../clib/microlib/printf/printf.c         0x00000000   Number         0  printfb.o ABSOLUTE
    ../clib/microlib/printf/stubs.s          0x00000000   Number         0  stubs.o ABSOLUTE
    ../clib/microlib/stdio/streams.c         0x00000000   Number         0  stdout.o ABSOLUTE
    ../clib/microlib/string/memcpy.c         0x00000000   Number         0  memcpya.o ABSOLUTE
    ../clib/microlib/string/memcpy.c         0x00000000   Number         0  memcpyb.o ABSOLUTE
    ../clib/microlib/string/strlen.c         0x00000000   Number         0  strlen.o ABSOLUTE
    ../clib/microlib/stubs.s                 0x00000000   Number         0  iusefp.o ABSOLUTE
    ../fplib/microlib/fpadd.c                0x00000000   Number         0  dadd.o ABSOLUTE
    ../fplib/microlib/fpdiv.c                0x00000000   Number         0  ddiv.o ABSOLUTE
    ../fplib/microlib/fpepilogue.c           0x00000000   Number         0  depilogue.o ABSOLUTE
    ../fplib/microlib/fpfix.c                0x00000000   Number         0  dfixul.o ABSOLUTE
    ../fplib/microlib/fpmul.c                0x00000000   Number         0  dmul.o ABSOLUTE
    ..\Lab4_Ritz\SysTick.c                   0x00000000   Number         0  systick.o ABSOLUTE
    Button.c                                 0x00000000   Number         0  button.o ABSOLUTE
    CPE355ProjectStarter.c                   0x00000000   Number         0  cpe355projectstarter.o ABSOLUTE
    PLL.c                                    0x00000000   Number         0  pll.o ABSOLUTE
    ST7735.c                                 0x00000000   Number         0  st7735.o ABSOLUTE
    Slide.c                                  0x00000000   Number         0  slide.o ABSOLUTE
    Tasks.c                                  0x00000000   Number         0  tasks.o ABSOLUTE
    cdrcmple.s                               0x00000000   Number         0  cdrcmple.o ABSOLUTE
    dc.s                                     0x00000000   Number         0  dc.o ABSOLUTE
    functions.c                              0x00000000   Number         0  functions.o ABSOLUTE
    handlers.s                               0x00000000   Number         0  handlers.o ABSOLUTE
    init.s                                   0x00000000   Number         0  init.o ABSOLUTE
    random.s                                 0x00000000   Number         0  random.o ABSOLUTE
    startup.s                                0x00000000   Number         0  startup.o ABSOLUTE
    text.c                                   0x00000000   Number         0  text.o ABSOLUTE
    .ARM.Collect$$$$00000000                 0x00000284   Section        0  entry.o(.ARM.Collect$$$$00000000)
    .ARM.Collect$$$$00000001                 0x00000284   Section        4  entry2.o(.ARM.Collect$$$$00000001)
    .ARM.Collect$$$$00000004                 0x00000288   Section        4  entry5.o(.ARM.Collect$$$$00000004)
    .ARM.Collect$$$$00000008                 0x0000028c   Section        0  entry7b.o(.ARM.Collect$$$$00000008)
    .ARM.Collect$$$$0000000A                 0x0000028c   Section        0  entry8b.o(.ARM.Collect$$$$0000000A)
    .ARM.Collect$$$$0000000B                 0x0000028c   Section        8  entry9a.o(.ARM.Collect$$$$0000000B)
    .ARM.Collect$$$$0000000D                 0x00000294   Section        0  entry10a.o(.ARM.Collect$$$$0000000D)
    .ARM.Collect$$$$0000000F                 0x00000294   Section        0  entry11a.o(.ARM.Collect$$$$0000000F)
    .ARM.Collect$$$$00002712                 0x00000294   Section        4  entry2.o(.ARM.Collect$$$$00002712)
    __lit__00000000                          0x00000294   Data           4  entry2.o(.ARM.Collect$$$$00002712)
    .text                                    0x00000298   Section       28  startup.o(.text)
    .text                                    0x000002b4   Section       64  random.o(.text)
    .text                                    0x000002f4   Section        0  memcpya.o(.text)
    .text                                    0x00000318   Section        0  strlen.o(.text)
    .text                                    0x00000326   Section        0  uidiv.o(.text)
    .text                                    0x00000354   Section       36  init.o(.text)
    i.Button_Init                            0x00000378   Section        0  button.o(i.Button_Init)
    i.Clear                                  0x000003cc   Section        0  functions.o(i.Clear)
    i.Clear_Lower                            0x00000432   Section        0  text.o(i.Clear_Lower)
    i.Delay1ms                               0x0000043c   Section        0  st7735.o(i.Delay1ms)
    i.DelayWait10ms                          0x0000045c   Section        0  text.o(i.DelayWait10ms)
    i.Draw_Text                              0x0000047c   Section        0  text.o(i.Draw_Text)
    i.Draw_White_Text                        0x000004be   Section        0  text.o(i.Draw_White_Text)
    i.Enemy_Count                            0x000004dc   Section        0  tasks.o(i.Enemy_Count)
    i.GO_Menu                                0x00000550   Section        0  text.o(i.GO_Menu)
    i.GameDraw                               0x000005e0   Section        0  cpe355projectstarter.o(i.GameDraw)
    i.GameInit                               0x0000089c   Section        0  cpe355projectstarter.o(i.GameInit)
    i.Game_Move                              0x00000be4   Section        0  tasks.o(i.Game_Move)
    i.Game_Task_Init                         0x00000e74   Section        0  tasks.o(i.Game_Task_Init)
    i.Hit_Detection                          0x00000eb0   Section        0  tasks.o(i.Hit_Detection)
    i.Ingame                                 0x00001264   Section        0  text.o(i.Ingame)
    i.Level_Size                             0x000012a4   Section        0  tasks.o(i.Level_Size)
    i.MMenu                                  0x000012ec   Section        0  text.o(i.MMenu)
    i.MainMenu                               0x00001368   Section        0  text.o(i.MainMenu)
    i.Menu                                   0x000013bc   Section        0  text.o(i.Menu)
    i.Menu_Clear                             0x000013da   Section        0  text.o(i.Menu_Clear)
    i.New_SpaceShip                          0x000013e4   Section        0  tasks.o(i.New_SpaceShip)
    i.Output_Init                            0x000013f0   Section        0  st7735.o(i.Output_Init)
    i.PLL_Init                               0x00001400   Section        0  pll.o(i.PLL_Init)
    i.Player_Ship_Clear                      0x0000147c   Section        0  text.o(i.Player_Ship_Clear)
    i.ST7735_DrawBitmap                      0x000014a4   Section        0  st7735.o(i.ST7735_DrawBitmap)
    i.ST7735_DrawCharS                       0x000015c4   Section        0  st7735.o(i.ST7735_DrawCharS)
    i.ST7735_DrawPixel                       0x000016b8   Section        0  st7735.o(i.ST7735_DrawPixel)
    i.ST7735_FillRect                        0x00001700   Section        0  st7735.o(i.ST7735_FillRect)
    i.ST7735_FillScreen                      0x000017ac   Section        0  st7735.o(i.ST7735_FillScreen)
    i.ST7735_InitR                           0x000017d0   Section        0  st7735.o(i.ST7735_InitR)
    i.ST7735_SetCursor                       0x0000184c   Section        0  st7735.o(i.ST7735_SetCursor)
    i.Shoot_Enemy                            0x0000186c   Section        0  tasks.o(i.Shoot_Enemy)
    i.Shoot_Laser                            0x00001964   Section        0  tasks.o(i.Shoot_Laser)
    i.Shoot_SW                               0x0000198c   Section        0  button.o(i.Shoot_SW)
    i.SubMenu_Clear                          0x000019a0   Section        0  text.o(i.SubMenu_Clear)
    i.SysTick_Handler                        0x000019ac   Section        0  tasks.o(i.SysTick_Handler)
    i.__0sprintf$1                           0x000019d4   Section        0  printf1.o(i.__0sprintf$1)
    i.__scatterload_copy                     0x000019fc   Section       14  handlers.o(i.__scatterload_copy)
    i.__scatterload_null                     0x00001a0a   Section        2  handlers.o(i.__scatterload_null)
    i.__scatterload_zeroinit                 0x00001a0c   Section       14  handlers.o(i.__scatterload_zeroinit)
    i._printf_core                           0x00001a1c   Section        0  printf1.o(i._printf_core)
    _printf_core                             0x00001a1d   Thumb Code   334  printf1.o(i._printf_core)
    i._sputc                                 0x00001b70   Section        0  printf1.o(i._sputc)
    _sputc                                   0x00001b71   Thumb Code    10  printf1.o(i._sputc)
    i.commandList                            0x00001b7a   Section        0  st7735.o(i.commandList)
    commandList                              0x00001b7b   Thumb Code    86  st7735.o(i.commandList)
    i.commonInit                             0x00001bd0   Section        0  st7735.o(i.commonInit)
    commonInit                               0x00001bd1   Thumb Code   340  st7735.o(i.commonInit)
    i.main                                   0x00001d54   Section        0  cpe355projectstarter.o(i.main)
    i.pushColor                              0x00001e88   Section        0  st7735.o(i.pushColor)
    pushColor                                0x00001e89   Thumb Code    18  st7735.o(i.pushColor)
    i.setAddrWindow                          0x00001e9c   Section        0  st7735.o(i.setAddrWindow)
    setAddrWindow                            0x00001e9d   Thumb Code   106  st7735.o(i.setAddrWindow)
    i.writecommand                           0x00001f10   Section        0  st7735.o(i.writecommand)
    writecommand                             0x00001f11   Thumb Code    40  st7735.o(i.writecommand)
    i.writedata                              0x00001f40   Section        0  st7735.o(i.writedata)
    writedata                                0x00001f41   Thumb Code    24  st7735.o(i.writedata)
    .constdata                               0x00001f60   Section     2018  st7735.o(.constdata)
    Font                                     0x00001f60   Data        1275  st7735.o(.constdata)
    Bcmd                                     0x0000245b   Data         103  st7735.o(.constdata)
    Rcmd1                                    0x000024c2   Data          59  st7735.o(.constdata)
    Rcmd2green                               0x000024fd   Data          13  st7735.o(.constdata)
    Rcmd2red                                 0x0000250a   Data          13  st7735.o(.constdata)
    Rcmd3                                    0x00002517   Data          43  st7735.o(.constdata)
    .constdata                               0x00002742   Section     7874  cpe355projectstarter.o(.constdata)
    .data                                    0x20000000   Section       44  st7735.o(.data)
    _width                                   0x2000000a   Data           2  st7735.o(.data)
    _height                                  0x2000000c   Data           2  st7735.o(.data)
    ColStart                                 0x20000014   Data           1  st7735.o(.data)
    RowStart                                 0x20000015   Data           1  st7735.o(.data)
    Rotation                                 0x20000016   Data           1  st7735.o(.data)
    TabColor                                 0x20000017   Data           1  st7735.o(.data)
    .data                                    0x2000002c   Section        8  cpe355projectstarter.o(.data)
    .data                                    0x20000034   Section       56  tasks.o(.data)
    DATA                                     0x2000006c   Section        4  random.o(DATA)
    M                                        0x2000006c   Data           4  random.o(DATA)
    .bss                                     0x20000070   Section     1176  cpe355projectstarter.o(.bss)
    .bss                                     0x20000508   Section      168  tasks.o(.bss)
    STACK                                    0x200005b0   Section     1024  startup.o(STACK)
    StackMem                                 0x200005b0   Data           0  startup.o(STACK)

    Global Symbols

    Symbol Name                              Value     Ov Type        Size  Object(Section)

    BuildAttributes$$THM_ISAv4$E$P$D$K$B$S$7EM$PE$A:L22UL41UL21$X:L11$S22US41US21$IEEE1$IW$USESV6$~STKCKD$USESV7$~SHL$OSPACE$ROPI$EBA8$MICROLIB$REQ8$PRES8$EABIv2 0x00000000   Number         0  anon$$obj.o ABSOLUTE
    __ARM_use_no_argv                        0x00000000   Number         0  cpe355projectstarter.o ABSOLUTE
    __Vectors                                0x00000000   Data           0  startup.o(RESET)
    _printf_a                                0x00000000   Number         0  stubs.o ABSOLUTE
    _printf_c                                0x00000000   Number         0  stubs.o ABSOLUTE
    _printf_charcount                        0x00000000   Number         0  stubs.o ABSOLUTE
    _printf_d                                0x00000000   Number         0  stubs.o ABSOLUTE
    _printf_e                                0x00000000   Number         0  stubs.o ABSOLUTE
    _printf_f                                0x00000000   Number         0  stubs.o ABSOLUTE
    _printf_flags                            0x00000000   Number         0  stubs.o ABSOLUTE
    _printf_fp_dec                           0x00000000   Number         0  stubs.o ABSOLUTE
    _printf_fp_hex                           0x00000000   Number         0  stubs.o ABSOLUTE
    _printf_g                                0x00000000   Number         0  stubs.o ABSOLUTE
    _printf_i                                0x00000000   Number         0  stubs.o ABSOLUTE
    _printf_int_dec                          0x00000000   Number         0  stubs.o ABSOLUTE
    _printf_l                                0x00000000   Number         0  stubs.o ABSOLUTE
    _printf_lc                               0x00000000   Number         0  stubs.o ABSOLUTE
    _printf_ll                               0x00000000   Number         0  stubs.o ABSOLUTE
    _printf_lld                              0x00000000   Number         0  stubs.o ABSOLUTE
    _printf_lli                              0x00000000   Number         0  stubs.o ABSOLUTE
    _printf_llo                              0x00000000   Number         0  stubs.o ABSOLUTE
    _printf_llu                              0x00000000   Number         0  stubs.o ABSOLUTE
    _printf_llx                              0x00000000   Number         0  stubs.o ABSOLUTE
    _printf_longlong_dec                     0x00000000   Number         0  stubs.o ABSOLUTE
    _printf_longlong_hex                     0x00000000   Number         0  stubs.o ABSOLUTE
    _printf_longlong_oct                     0x00000000   Number         0  stubs.o ABSOLUTE
    _printf_ls                               0x00000000   Number         0  stubs.o ABSOLUTE
    _printf_mbtowc                           0x00000000   Number         0  stubs.o ABSOLUTE
    _printf_n                                0x00000000   Number         0  stubs.o ABSOLUTE
    _printf_o                                0x00000000   Number         0  stubs.o ABSOLUTE
    _printf_p                                0x00000000   Number         0  stubs.o ABSOLUTE
    _printf_percent                          0x00000000   Number         0  stubs.o ABSOLUTE
    _printf_pre_padding                      0x00000000   Number         0  stubs.o ABSOLUTE
    _printf_return_value                     0x00000000   Number         0  stubs.o ABSOLUTE
    _printf_s                                0x00000000   Number         0  stubs.o ABSOLUTE
    _printf_sizespec                         0x00000000   Number         0  stubs.o ABSOLUTE
    _printf_str                              0x00000000   Number         0  stubs.o ABSOLUTE
    _printf_truncate_signed                  0x00000000   Number         0  stubs.o ABSOLUTE
    _printf_truncate_unsigned                0x00000000   Number         0  stubs.o ABSOLUTE
    _printf_u                                0x00000000   Number         0  stubs.o ABSOLUTE
    _printf_wc                               0x00000000   Number         0  stubs.o ABSOLUTE
    _printf_wctomb                           0x00000000   Number         0  stubs.o ABSOLUTE
    _printf_widthprec                        0x00000000   Number         0  stubs.o ABSOLUTE
    _printf_x                                0x00000000   Number         0  stubs.o ABSOLUTE
    __cpp_initialize__aeabi_                  - Undefined Weak Reference
    __cxa_finalize                            - Undefined Weak Reference
    __decompress                              - Undefined Weak Reference
    _clock_init                               - Undefined Weak Reference
    _microlib_exit                            - Undefined Weak Reference
    Reset_Handler                            0x0000026d   Thumb Code     0  startup.o(RESET)
    NMI_Handler                              0x00000271   Thumb Code     2  startup.o(RESET)
    HardFault_Handler                        0x00000273   Thumb Code     2  startup.o(RESET)
    MemManage_Handler                        0x00000275   Thumb Code     2  startup.o(RESET)
    BusFault_Handler                         0x00000277   Thumb Code     2  startup.o(RESET)
    UsageFault_Handler                       0x00000279   Thumb Code     2  startup.o(RESET)
    SVC_Handler                              0x0000027b   Thumb Code     2  startup.o(RESET)
    DebugMon_Handler                         0x0000027d   Thumb Code     2  startup.o(RESET)
    PendSV_Handler                           0x0000027f   Thumb Code     2  startup.o(RESET)
    ADC0Seq0_Handler                         0x00000283   Thumb Code     0  startup.o(RESET)
    ADC0Seq1_Handler                         0x00000283   Thumb Code     0  startup.o(RESET)
    ADC0Seq2_Handler                         0x00000283   Thumb Code     0  startup.o(RESET)
    ADC0Seq3_Handler                         0x00000283   Thumb Code     0  startup.o(RESET)
    ADC1Seq0_Handler                         0x00000283   Thumb Code     0  startup.o(RESET)
    ADC1Seq1_Handler                         0x00000283   Thumb Code     0  startup.o(RESET)
    ADC1Seq2_Handler                         0x00000283   Thumb Code     0  startup.o(RESET)
    ADC1Seq3_Handler                         0x00000283   Thumb Code     0  startup.o(RESET)
    CAN0_Handler                             0x00000283   Thumb Code     0  startup.o(RESET)
    CAN1_Handler                             0x00000283   Thumb Code     0  startup.o(RESET)
    CAN2_Handler                             0x00000283   Thumb Code     0  startup.o(RESET)
    Comp0_Handler                            0x00000283   Thumb Code     0  startup.o(RESET)
    Comp1_Handler                            0x00000283   Thumb Code     0  startup.o(RESET)
    Comp2_Handler                            0x00000283   Thumb Code     0  startup.o(RESET)
    Ethernet_Handler                         0x00000283   Thumb Code     0  startup.o(RESET)
    ExtBus_Handler                           0x00000283   Thumb Code     0  startup.o(RESET)
    FPU_Handler                              0x00000283   Thumb Code     0  startup.o(RESET)
    Fan0_Handler                             0x00000283   Thumb Code     0  startup.o(RESET)
    FlashCtl_Handler                         0x00000283   Thumb Code     0  startup.o(RESET)
    GPIOPortA_Handler                        0x00000283   Thumb Code     0  startup.o(RESET)
    GPIOPortB_Handler                        0x00000283   Thumb Code     0  startup.o(RESET)
    GPIOPortC_Handler                        0x00000283   Thumb Code     0  startup.o(RESET)
    GPIOPortD_Handler                        0x00000283   Thumb Code     0  startup.o(RESET)
    GPIOPortE_Handler                        0x00000283   Thumb Code     0  startup.o(RESET)
    GPIOPortF_Handler                        0x00000283   Thumb Code     0  startup.o(RESET)
    GPIOPortG_Handler                        0x00000283   Thumb Code     0  startup.o(RESET)
    GPIOPortH_Handler                        0x00000283   Thumb Code     0  startup.o(RESET)
    GPIOPortJ_Handler                        0x00000283   Thumb Code     0  startup.o(RESET)
    GPIOPortK_Handler                        0x00000283   Thumb Code     0  startup.o(RESET)
    GPIOPortL_Handler                        0x00000283   Thumb Code     0  startup.o(RESET)
    GPIOPortM_Handler                        0x00000283   Thumb Code     0  startup.o(RESET)
    GPIOPortN_Handler                        0x00000283   Thumb Code     0  startup.o(RESET)
    GPIOPortP1_Handler                       0x00000283   Thumb Code     0  startup.o(RESET)
    GPIOPortP2_Handler                       0x00000283   Thumb Code     0  startup.o(RESET)
    GPIOPortP3_Handler                       0x00000283   Thumb Code     0  startup.o(RESET)
    GPIOPortP4_Handler                       0x00000283   Thumb Code     0  startup.o(RESET)
    GPIOPortP5_Handler                       0x00000283   Thumb Code     0  startup.o(RESET)
    GPIOPortP6_Handler                       0x00000283   Thumb Code     0  startup.o(RESET)
    GPIOPortP7_Handler                       0x00000283   Thumb Code     0  startup.o(RESET)
    GPIOPortP_Handler                        0x00000283   Thumb Code     0  startup.o(RESET)
    GPIOPortQ1_Handler                       0x00000283   Thumb Code     0  startup.o(RESET)
    GPIOPortQ2_Handler                       0x00000283   Thumb Code     0  startup.o(RESET)
    GPIOPortQ3_Handler                       0x00000283   Thumb Code     0  startup.o(RESET)
    GPIOPortQ4_Handler                       0x00000283   Thumb Code     0  startup.o(RESET)
    GPIOPortQ5_Handler                       0x00000283   Thumb Code     0  startup.o(RESET)
    GPIOPortQ6_Handler                       0x00000283   Thumb Code     0  startup.o(RESET)
    GPIOPortQ7_Handler                       0x00000283   Thumb Code     0  startup.o(RESET)
    GPIOPortQ_Handler                        0x00000283   Thumb Code     0  startup.o(RESET)
    GPIOPortR_Handler                        0x00000283   Thumb Code     0  startup.o(RESET)
    GPIOPortS_Handler                        0x00000283   Thumb Code     0  startup.o(RESET)
    Hibernate_Handler                        0x00000283   Thumb Code     0  startup.o(RESET)
    I2C0_Handler                             0x00000283   Thumb Code     0  startup.o(RESET)
    I2C1_Handler                             0x00000283   Thumb Code     0  startup.o(RESET)
    I2C2_Handler                             0x00000283   Thumb Code     0  startup.o(RESET)
    I2C3_Handler                             0x00000283   Thumb Code     0  startup.o(RESET)
    I2C4_Handler                             0x00000283   Thumb Code     0  startup.o(RESET)
    I2C5_Handler                             0x00000283   Thumb Code     0  startup.o(RESET)
    I2S0_Handler                             0x00000283   Thumb Code     0  startup.o(RESET)
    LPC0_Handler                             0x00000283   Thumb Code     0  startup.o(RESET)
    PECI0_Handler                            0x00000283   Thumb Code     0  startup.o(RESET)
    PWM0Fault_Handler                        0x00000283   Thumb Code     0  startup.o(RESET)
    PWM0Generator0_Handler                   0x00000283   Thumb Code     0  startup.o(RESET)
    PWM0Generator1_Handler                   0x00000283   Thumb Code     0  startup.o(RESET)
    PWM0Generator2_Handler                   0x00000283   Thumb Code     0  startup.o(RESET)
    PWM0Generator3_Handler                   0x00000283   Thumb Code     0  startup.o(RESET)
    PWM1Fault_Handler                        0x00000283   Thumb Code     0  startup.o(RESET)
    PWM1Generator0_Handler                   0x00000283   Thumb Code     0  startup.o(RESET)
    PWM1Generator1_Handler                   0x00000283   Thumb Code     0  startup.o(RESET)
    PWM1Generator2_Handler                   0x00000283   Thumb Code     0  startup.o(RESET)
    PWM1Generator3_Handler                   0x00000283   Thumb Code     0  startup.o(RESET)
    Quadrature0_Handler                      0x00000283   Thumb Code     0  startup.o(RESET)
    Quadrature1_Handler                      0x00000283   Thumb Code     0  startup.o(RESET)
    Quadrature2_Handler                      0x00000283   Thumb Code     0  startup.o(RESET)
    SSI0_Handler                             0x00000283   Thumb Code     0  startup.o(RESET)
    SSI1_Handler                             0x00000283   Thumb Code     0  startup.o(RESET)
    SSI2_Handler                             0x00000283   Thumb Code     0  startup.o(RESET)
    SSI3_Handler                             0x00000283   Thumb Code     0  startup.o(RESET)
    SysCtl_Handler                           0x00000283   Thumb Code     0  startup.o(RESET)
    Timer0A_Handler                          0x00000283   Thumb Code     0  startup.o(RESET)
    Timer0B_Handler                          0x00000283   Thumb Code     0  startup.o(RESET)
    Timer1A_Handler                          0x00000283   Thumb Code     0  startup.o(RESET)
    Timer1B_Handler                          0x00000283   Thumb Code     0  startup.o(RESET)
    Timer2A_Handler                          0x00000283   Thumb Code     0  startup.o(RESET)
    Timer2B_Handler                          0x00000283   Thumb Code     0  startup.o(RESET)
    Timer3A_Handler                          0x00000283   Thumb Code     0  startup.o(RESET)
    Timer3B_Handler                          0x00000283   Thumb Code     0  startup.o(RESET)
    Timer4A_Handler                          0x00000283   Thumb Code     0  startup.o(RESET)
    Timer4B_Handler                          0x00000283   Thumb Code     0  startup.o(RESET)
    Timer5A_Handler                          0x00000283   Thumb Code     0  startup.o(RESET)
    Timer5B_Handler                          0x00000283   Thumb Code     0  startup.o(RESET)
    UART0_Handler                            0x00000283   Thumb Code     0  startup.o(RESET)
    UART1_Handler                            0x00000283   Thumb Code     0  startup.o(RESET)
    UART2_Handler                            0x00000283   Thumb Code     0  startup.o(RESET)
    UART3_Handler                            0x00000283   Thumb Code     0  startup.o(RESET)
    UART4_Handler                            0x00000283   Thumb Code     0  startup.o(RESET)
    UART5_Handler                            0x00000283   Thumb Code     0  startup.o(RESET)
    UART6_Handler                            0x00000283   Thumb Code     0  startup.o(RESET)
    UART7_Handler                            0x00000283   Thumb Code     0  startup.o(RESET)
    USB0_Handler                             0x00000283   Thumb Code     0  startup.o(RESET)
    WDT_Handler                              0x00000283   Thumb Code     0  startup.o(RESET)
    WideTimer0A_Handler                      0x00000283   Thumb Code     0  startup.o(RESET)
    WideTimer0B_Handler                      0x00000283   Thumb Code     0  startup.o(RESET)
    WideTimer1A_Handler                      0x00000283   Thumb Code     0  startup.o(RESET)
    WideTimer1B_Handler                      0x00000283   Thumb Code     0  startup.o(RESET)
    WideTimer2A_Handler                      0x00000283   Thumb Code     0  startup.o(RESET)
    WideTimer2B_Handler                      0x00000283   Thumb Code     0  startup.o(RESET)
    WideTimer3A_Handler                      0x00000283   Thumb Code     0  startup.o(RESET)
    WideTimer3B_Handler                      0x00000283   Thumb Code     0  startup.o(RESET)
    WideTimer4A_Handler                      0x00000283   Thumb Code     0  startup.o(RESET)
    WideTimer4B_Handler                      0x00000283   Thumb Code     0  startup.o(RESET)
    WideTimer5A_Handler                      0x00000283   Thumb Code     0  startup.o(RESET)
    WideTimer5B_Handler                      0x00000283   Thumb Code     0  startup.o(RESET)
    uDMA_Error                               0x00000283   Thumb Code     0  startup.o(RESET)
    uDMA_Handler                             0x00000283   Thumb Code     0  startup.o(RESET)
    __main                                   0x00000285   Thumb Code     0  entry.o(.ARM.Collect$$$$00000000)
    _main_stk                                0x00000285   Thumb Code     0  entry2.o(.ARM.Collect$$$$00000001)
    _main_scatterload                        0x00000289   Thumb Code     0  entry5.o(.ARM.Collect$$$$00000004)
    __main_after_scatterload                 0x0000028d   Thumb Code     0  entry5.o(.ARM.Collect$$$$00000004)
    _main_clock                              0x0000028d   Thumb Code     0  entry7b.o(.ARM.Collect$$$$00000008)
    _main_cpp_init                           0x0000028d   Thumb Code     0  entry8b.o(.ARM.Collect$$$$0000000A)
    _main_init                               0x0000028d   Thumb Code     0  entry9a.o(.ARM.Collect$$$$0000000B)
    __rt_final_cpp                           0x00000295   Thumb Code     0  entry10a.o(.ARM.Collect$$$$0000000D)
    __rt_final_exit                          0x00000295   Thumb Code     0  entry11a.o(.ARM.Collect$$$$0000000F)
    DisableInterrupts                        0x00000299   Thumb Code     0  startup.o(.text)
    EnableInterrupts                         0x0000029d   Thumb Code     0  startup.o(.text)
    StartCritical                            0x000002a1   Thumb Code     0  startup.o(.text)
    EndCritical                              0x000002a9   Thumb Code     0  startup.o(.text)
    WaitForInterrupt                         0x000002af   Thumb Code     0  startup.o(.text)
    Random_Init                              0x000002b5   Thumb Code     0  random.o(.text)
    Random32                                 0x000002bf   Thumb Code     2  random.o(.text)
    Random                                   0x000002d1   Thumb Code     2  random.o(.text)
    __aeabi_memcpy                           0x000002f5   Thumb Code    36  memcpya.o(.text)
    __aeabi_memcpy4                          0x000002f5   Thumb Code     0  memcpya.o(.text)
    __aeabi_memcpy8                          0x000002f5   Thumb Code     0  memcpya.o(.text)
    strlen                                   0x00000319   Thumb Code    14  strlen.o(.text)
    __aeabi_uidiv                            0x00000327   Thumb Code     0  uidiv.o(.text)
    __aeabi_uidivmod                         0x00000327   Thumb Code    44  uidiv.o(.text)
    __scatterload                            0x00000355   Thumb Code    28  init.o(.text)
    __scatterload_rt2                        0x00000355   Thumb Code     0  init.o(.text)
    Button_Init                              0x00000379   Thumb Code    66  button.o(i.Button_Init)
    Clear                                    0x000003cd   Thumb Code   102  functions.o(i.Clear)
    Clear_Lower                              0x00000433   Thumb Code    10  text.o(i.Clear_Lower)
    Delay1ms                                 0x0000043d   Thumb Code    32  st7735.o(i.Delay1ms)
    DelayWait10ms                            0x0000045d   Thumb Code    32  text.o(i.DelayWait10ms)
    Draw_Text                                0x0000047d   Thumb Code    66  text.o(i.Draw_Text)
    Draw_White_Text                          0x000004bf   Thumb Code    28  text.o(i.Draw_White_Text)
    Enemy_Count                              0x000004dd   Thumb Code    96  tasks.o(i.Enemy_Count)
    GO_Menu                                  0x00000551   Thumb Code   110  text.o(i.GO_Menu)
    GameDraw                                 0x000005e1   Thumb Code   674  cpe355projectstarter.o(i.GameDraw)
    GameInit                                 0x0000089d   Thumb Code   752  cpe355projectstarter.o(i.GameInit)
    Game_Move                                0x00000be5   Thumb Code   626  tasks.o(i.Game_Move)
    Game_Task_Init                           0x00000e75   Thumb Code    52  tasks.o(i.Game_Task_Init)
    Hit_Detection                            0x00000eb1   Thumb Code   906  tasks.o(i.Hit_Detection)
    Ingame                                   0x00001265   Thumb Code    60  text.o(i.Ingame)
    Level_Size                               0x000012a5   Thumb Code    60  tasks.o(i.Level_Size)
    MMenu                                    0x000012ed   Thumb Code    84  text.o(i.MMenu)
    MainMenu                                 0x00001369   Thumb Code    58  text.o(i.MainMenu)
    Menu                                     0x000013bd   Thumb Code    30  text.o(i.Menu)
    Menu_Clear                               0x000013db   Thumb Code    10  text.o(i.Menu_Clear)
    New_SpaceShip                            0x000013e5   Thumb Code     8  tasks.o(i.New_SpaceShip)
    Output_Init                              0x000013f1   Thumb Code    16  st7735.o(i.Output_Init)
    PLL_Init                                 0x00001401   Thumb Code   118  pll.o(i.PLL_Init)
    Player_Ship_Clear                        0x0000147d   Thumb Code    36  text.o(i.Player_Ship_Clear)
    ST7735_DrawBitmap                        0x000014a5   Thumb Code   280  st7735.o(i.ST7735_DrawBitmap)
    ST7735_DrawCharS                         0x000015c5   Thumb Code   232  st7735.o(i.ST7735_DrawCharS)
    ST7735_DrawPixel                         0x000016b9   Thumb Code    64  st7735.o(i.ST7735_DrawPixel)
    ST7735_FillRect                          0x00001701   Thumb Code   164  st7735.o(i.ST7735_FillRect)
    ST7735_FillScreen                        0x000017ad   Thumb Code    28  st7735.o(i.ST7735_FillScreen)
    ST7735_InitR                             0x000017d1   Thumb Code    90  st7735.o(i.ST7735_InitR)
    ST7735_SetCursor                         0x0000184d   Thumb Code    22  st7735.o(i.ST7735_SetCursor)
    Shoot_Enemy                              0x0000186d   Thumb Code   224  tasks.o(i.Shoot_Enemy)
    Shoot_Laser                              0x00001965   Thumb Code    30  tasks.o(i.Shoot_Laser)
    Shoot_SW                                 0x0000198d   Thumb Code    14  button.o(i.Shoot_SW)
    SubMenu_Clear                            0x000019a1   Thumb Code    10  text.o(i.SubMenu_Clear)
    SysTick_Handler                          0x000019ad   Thumb Code    34  tasks.o(i.SysTick_Handler)
    __0sprintf$1                             0x000019d5   Thumb Code    34  printf1.o(i.__0sprintf$1)
    __1sprintf$1                             0x000019d5   Thumb Code     0  printf1.o(i.__0sprintf$1)
    __2sprintf                               0x000019d5   Thumb Code     0  printf1.o(i.__0sprintf$1)
    __scatterload_copy                       0x000019fd   Thumb Code    14  handlers.o(i.__scatterload_copy)
    __scatterload_null                       0x00001a0b   Thumb Code     2  handlers.o(i.__scatterload_null)
    __scatterload_zeroinit                   0x00001a0d   Thumb Code    14  handlers.o(i.__scatterload_zeroinit)
    main                                     0x00001d55   Thumb Code   272  cpe355projectstarter.o(i.main)
    dBfs                                     0x00002542   Data         512  st7735.o(.constdata)
    BlackEnemy                               0x00002742   Data         320  cpe355projectstarter.o(.constdata)
    BlackLaser                               0x00002882   Data          72  cpe355projectstarter.o(.constdata)
    SmallEnemy10pointA                       0x000028ca   Data         320  cpe355projectstarter.o(.constdata)
    SmallEnemyBlueWhite                      0x00002a0a   Data         320  cpe355projectstarter.o(.constdata)
    SmallEnemy10pointB                       0x00002b4a   Data         320  cpe355projectstarter.o(.constdata)
    SmallEnemy10pointBWhite                  0x00002c8a   Data         320  cpe355projectstarter.o(.constdata)
    SmallEnemy20pointA                       0x00002dca   Data         320  cpe355projectstarter.o(.constdata)
    SmallEnemy20pointB                       0x00002f0a   Data         320  cpe355projectstarter.o(.constdata)
    SmallEnemy30pointA                       0x0000304a   Data         320  cpe355projectstarter.o(.constdata)
    SmallEnemy30pointB                       0x0000318a   Data         320  cpe355projectstarter.o(.constdata)
    SmallEnemy20pointARed                    0x000032ca   Data         320  cpe355projectstarter.o(.constdata)
    SmallEnemy20pointBRed                    0x0000340a   Data         320  cpe355projectstarter.o(.constdata)
    SmallEnemy30pointAYellow                 0x0000354a   Data         320  cpe355projectstarter.o(.constdata)
    SmallEnemy30pointBYellow                 0x0000368a   Data         320  cpe355projectstarter.o(.constdata)
    PlayerShip0                              0x000037ca   Data         288  cpe355projectstarter.o(.constdata)
    ship6                                    0x000038ea   Data         608  cpe355projectstarter.o(.constdata)
    Bunker0                                  0x00003b4a   Data         180  cpe355projectstarter.o(.constdata)
    Bunker1                                  0x00003bfe   Data         180  cpe355projectstarter.o(.constdata)
    Bunker2                                  0x00003cb2   Data         180  cpe355projectstarter.o(.constdata)
    Bunker3                                  0x00003d66   Data         180  cpe355projectstarter.o(.constdata)
    Laser0                                   0x00003e1a   Data          36  cpe355projectstarter.o(.constdata)
    Laser1                                   0x00003e3e   Data          36  cpe355projectstarter.o(.constdata)
    Laser2                                   0x00003e62   Data          72  cpe355projectstarter.o(.constdata)
    BigExplosion0                            0x00003eaa   Data         288  cpe355projectstarter.o(.constdata)
    BigExplosion1                            0x00003fca   Data         288  cpe355projectstarter.o(.constdata)
    SmallExplosion0                          0x000040ea   Data         320  cpe355projectstarter.o(.constdata)
    SmallExplosion1                          0x0000422a   Data         320  cpe355projectstarter.o(.constdata)
    Missile0Old                              0x0000436a   Data         310  cpe355projectstarter.o(.constdata)
    Missile0                                 0x000044a0   Data          72  cpe355projectstarter.o(.constdata)
    Missile1                                 0x000044e8   Data          72  cpe355projectstarter.o(.constdata)
    Missile2                                 0x00004530   Data          72  cpe355projectstarter.o(.constdata)
    Missile0Orange                           0x00004578   Data          72  cpe355projectstarter.o(.constdata)
    Test                                     0x000045c0   Data           8  cpe355projectstarter.o(.constdata)
    Test2                                    0x000045c8   Data          60  cpe355projectstarter.o(.constdata)
    Region$$Table$$Base                      0x00004604   Number         0  anon$$obj.o(Region$$Table)
    Region$$Table$$Limit                     0x00004624   Number         0  anon$$obj.o(Region$$Table)
    StX                                      0x20000000   Data           4  st7735.o(.data)
    StY                                      0x20000004   Data           4  st7735.o(.data)
    StTextColor                              0x20000008   Data           2  st7735.o(.data)
    lastj                                    0x20000010   Data           4  st7735.o(.data)
    Messageindex                             0x20000018   Data           4  st7735.o(.data)
    Ymax                                     0x2000001c   Data           4  st7735.o(.data)
    Ymin                                     0x20000020   Data           4  st7735.o(.data)
    X                                        0x20000024   Data           4  st7735.o(.data)
    Yrange                                   0x20000028   Data           4  st7735.o(.data)
    clear_ship                               0x2000002c   Data           4  cpe355projectstarter.o(.data)
    FrameCount                               0x20000030   Data           4  cpe355projectstarter.o(.data)
    FR_30_HZ                                 0x20000034   Data           4  tasks.o(.data)
    FR_60_HZ                                 0x20000038   Data           4  tasks.o(.data)
    score                                    0x2000003c   Data           4  tasks.o(.data)
    highscore                                0x20000040   Data           4  tasks.o(.data)
    lives                                    0x20000044   Data           4  tasks.o(.data)
    level                                    0x20000048   Data           4  tasks.o(.data)
    enemy_Count                              0x2000004c   Data           4  tasks.o(.data)
    i_bound                                  0x20000050   Data           4  tasks.o(.data)
    j_bound                                  0x20000054   Data           4  tasks.o(.data)
    game_fin                                 0x20000058   Data           4  tasks.o(.data)
    status                                   0x2000005c   Data           4  tasks.o(.data)
    clear_player_ship                        0x20000060   Data           4  tasks.o(.data)
    Flag                                     0x20000064   Data           4  tasks.o(.data)
    Anyalive                                 0x20000068   Data           4  tasks.o(.data)
    Enemy                                    0x20000070   Data        1008  cpe355projectstarter.o(.bss)
    Missile                                  0x20000460   Data          56  cpe355projectstarter.o(.bss)
    SpaceShip                                0x20000498   Data          56  cpe355projectstarter.o(.bss)
    Laser                                    0x200004d0   Data          56  cpe355projectstarter.o(.bss)
    Bunker                                   0x20000508   Data         168  tasks.o(.bss)
    __initial_sp                             0x200009b0   Data           0  startup.o(STACK)



==============================================================================

Memory Map of the image

  Image Entry point : 0x0000026d

  Load Region LR_1 (Base: 0x00000000, Size: 0x00004694, Max: 0xffffffff, ABSOLUTE)

    Execution Region ER_RO (Base: 0x00000000, Size: 0x00004624, Max: 0xffffffff, ABSOLUTE)

    Base Addr    Size         Type   Attr      Idx    E Section Name        Object

    0x00000000   0x00000284   Code   RO            3  * RESET               startup.o
    0x00000284   0x00000000   Code   RO          644  * .ARM.Collect$$$$00000000  mc_w.l(entry.o)
    0x00000284   0x00000004   Code   RO          914    .ARM.Collect$$$$00000001  mc_w.l(entry2.o)
    0x00000288   0x00000004   Code   RO          917    .ARM.Collect$$$$00000004  mc_w.l(entry5.o)
    0x0000028c   0x00000000   Code   RO          919    .ARM.Collect$$$$00000008  mc_w.l(entry7b.o)
    0x0000028c   0x00000000   Code   RO          921    .ARM.Collect$$$$0000000A  mc_w.l(entry8b.o)
    0x0000028c   0x00000008   Code   RO          922    .ARM.Collect$$$$0000000B  mc_w.l(entry9a.o)
    0x00000294   0x00000000   Code   RO          924    .ARM.Collect$$$$0000000D  mc_w.l(entry10a.o)
    0x00000294   0x00000000   Code   RO          926    .ARM.Collect$$$$0000000F  mc_w.l(entry11a.o)
    0x00000294   0x00000004   Code   RO          915    .ARM.Collect$$$$00002712  mc_w.l(entry2.o)
    0x00000298   0x0000001c   Code   RO            4    .text               startup.o
    0x000002b4   0x00000040   Code   RO          552    .text               random.o
    0x000002f4   0x00000024   Code   RO          647    .text               mc_w.l(memcpya.o)
    0x00000318   0x0000000e   Code   RO          649    .text               mc_w.l(strlen.o)
    0x00000326   0x0000002c   Code   RO          929    .text               mc_w.l(uidiv.o)
    0x00000352   0x00000002   PAD
    0x00000354   0x00000024   Code   RO          944    .text               mc_w.l(init.o)
    0x00000378   0x00000054   Code   RO          527    i.Button_Init       button.o
    0x000003cc   0x00000066   Code   RO          623    i.Clear             functions.o
    0x00000432   0x0000000a   Code   RO          410    i.Clear_Lower       text.o
    0x0000043c   0x00000020   Code   RO           34    i.Delay1ms          st7735.o
    0x0000045c   0x00000020   Code   RO          412    i.DelayWait10ms     text.o
    0x0000047c   0x00000042   Code   RO          413    i.Draw_Text         text.o
    0x000004be   0x0000001c   Code   RO          414    i.Draw_White_Text   text.o
    0x000004da   0x00000002   PAD
    0x000004dc   0x00000074   Code   RO          555    i.Enemy_Count       tasks.o
    0x00000550   0x00000090   Code   RO          415    i.GO_Menu           text.o
    0x000005e0   0x000002bc   Code   RO          310    i.GameDraw          cpe355projectstarter.o
    0x0000089c   0x00000348   Code   RO          311    i.GameInit          cpe355projectstarter.o
    0x00000be4   0x00000290   Code   RO          556    i.Game_Move         tasks.o
    0x00000e74   0x0000003c   Code   RO          557    i.Game_Task_Init    tasks.o
    0x00000eb0   0x000003b4   Code   RO          558    i.Hit_Detection     tasks.o
    0x00001264   0x00000040   Code   RO          416    i.Ingame            text.o
    0x000012a4   0x00000048   Code   RO          559    i.Level_Size        tasks.o
    0x000012ec   0x0000007c   Code   RO          417    i.MMenu             text.o
    0x00001368   0x00000054   Code   RO          418    i.MainMenu          text.o
    0x000013bc   0x0000001e   Code   RO          419    i.Menu              text.o
    0x000013da   0x0000000a   Code   RO          420    i.Menu_Clear        text.o
    0x000013e4   0x0000000c   Code   RO          560    i.New_SpaceShip     tasks.o
    0x000013f0   0x00000010   Code   RO           37    i.Output_Init       st7735.o
    0x00001400   0x0000007c   Code   RO           12    i.PLL_Init          pll.o
    0x0000147c   0x00000028   Code   RO          421    i.Player_Ship_Clear  text.o
    0x000014a4   0x00000120   Code   RO           41    i.ST7735_DrawBitmap  st7735.o
    0x000015c4   0x000000f4   Code   RO           43    i.ST7735_DrawCharS  st7735.o
    0x000016b8   0x00000048   Code   RO           46    i.ST7735_DrawPixel  st7735.o
    0x00001700   0x000000ac   Code   RO           48    i.ST7735_FillRect   st7735.o
    0x000017ac   0x00000024   Code   RO           49    i.ST7735_FillScreen  st7735.o
    0x000017d0   0x0000007c   Code   RO           51    i.ST7735_InitR      st7735.o
    0x0000184c   0x00000020   Code   RO           64    i.ST7735_SetCursor  st7735.o
    0x0000186c   0x000000f8   Code   RO          561    i.Shoot_Enemy       tasks.o
    0x00001964   0x00000028   Code   RO          562    i.Shoot_Laser       tasks.o
    0x0000198c   0x00000014   Code   RO          529    i.Shoot_SW          button.o
    0x000019a0   0x0000000a   Code   RO          422    i.SubMenu_Clear     text.o
    0x000019aa   0x00000002   PAD
    0x000019ac   0x00000028   Code   RO          563    i.SysTick_Handler   tasks.o
    0x000019d4   0x00000028   Code   RO          700    i.__0sprintf$1      mc_w.l(printf1.o)
    0x000019fc   0x0000000e   Code   RO          956    i.__scatterload_copy  mc_w.l(handlers.o)
    0x00001a0a   0x00000002   Code   RO          957    i.__scatterload_null  mc_w.l(handlers.o)
    0x00001a0c   0x0000000e   Code   RO          958    i.__scatterload_zeroinit  mc_w.l(handlers.o)
    0x00001a1a   0x00000002   PAD
    0x00001a1c   0x00000154   Code   RO          705    i._printf_core      mc_w.l(printf1.o)
    0x00001b70   0x0000000a   Code   RO          707    i._sputc            mc_w.l(printf1.o)
    0x00001b7a   0x00000056   Code   RO           68    i.commandList       st7735.o
    0x00001bd0   0x00000184   Code   RO           69    i.commonInit        st7735.o
    0x00001d54   0x00000134   Code   RO          314    i.main              cpe355projectstarter.o
    0x00001e88   0x00000012   Code   RO           74    i.pushColor         st7735.o
    0x00001e9a   0x00000002   PAD
    0x00001e9c   0x00000074   Code   RO           75    i.setAddrWindow     st7735.o
    0x00001f10   0x00000030   Code   RO           76    i.writecommand      st7735.o
    0x00001f40   0x00000020   Code   RO           77    i.writedata         st7735.o
    0x00001f60   0x000007e2   Data   RO           79    .constdata          st7735.o
    0x00002742   0x00001ec2   Data   RO          316    .constdata          cpe355projectstarter.o
    0x00004604   0x00000020   Data   RO          954    Region$$Table       anon$$obj.o


    Execution Region ER_RW (Base: 0x20000000, Size: 0x00000070, Max: 0xffffffff, ABSOLUTE)

    Base Addr    Size         Type   Attr      Idx    E Section Name        Object

    0x20000000   0x0000002c   Data   RW           80    .data               st7735.o
    0x2000002c   0x00000008   Data   RW          317    .data               cpe355projectstarter.o
    0x20000034   0x00000038   Data   RW          565    .data               tasks.o
    0x2000006c   0x00000004   Data   RW          551    DATA                random.o


    Execution Region ER_ZI (Base: 0x20000070, Size: 0x00000940, Max: 0xffffffff, ABSOLUTE)

    Base Addr    Size         Type   Attr      Idx    E Section Name        Object

    0x20000070   0x00000498   Zero   RW          315    .bss                cpe355projectstarter.o
    0x20000508   0x000000a8   Zero   RW          564    .bss                tasks.o
    0x200005b0   0x00000400   Zero   RW            1    STACK               startup.o


==============================================================================

Image component sizes


      Code (inc. data)   RO Data    RW Data    ZI Data      Debug   Object Name

       104         24          0          0          0        729   button.o
      1848        150       7874          8       1176       5636   cpe355projectstarter.o
       102          0          0          0          0        500   functions.o
       124          6          0          0          0       4587   pll.o
        64         14          0          4          0        196   random.o
      1704        162       2018         44          0      11740   st7735.o
       672        622          0          0       1024        884   startup.o
      2192        156          0         56        168       7276   tasks.o
       642        108          0          0          0       5910   text.o

    ----------------------------------------------------------------------
      7458       1242       9924        112       2368      37458   Object Totals
         0          0         32          0          0          0   (incl. Generated)
         6          0          0          0          0          0   (incl. Padding)

    ----------------------------------------------------------------------

      Code (inc. data)   RO Data    RW Data    ZI Data      Debug   Library Member Name

         0          0          0          0          0          0   entry.o
         0          0          0          0          0          0   entry10a.o
         0          0          0          0          0          0   entry11a.o
         8          4          0          0          0          0   entry2.o
         4          0          0          0          0          0   entry5.o
         0          0          0          0          0          0   entry7b.o
         0          0          0          0          0          0   entry8b.o
         8          4          0          0          0          0   entry9a.o
        30          0          0          0          0          0   handlers.o
        36          8          0          0          0         68   init.o
        36          0          0          0          0         68   memcpya.o
       390         12          0          0          0        248   printf1.o
        14          0          0          0          0         68   strlen.o
        44          0          0          0          0         80   uidiv.o

    ----------------------------------------------------------------------
       574         28          0          0          0        532   Library Totals
         4          0          0          0          0          0   (incl. Padding)

    ----------------------------------------------------------------------

      Code (inc. data)   RO Data    RW Data    ZI Data      Debug   Library Name

       570         28          0          0          0        532   mc_w.l

    ----------------------------------------------------------------------
       574         28          0          0          0        532   Library Totals

    ----------------------------------------------------------------------

==============================================================================


      Code (inc. data)   RO Data    RW Data    ZI Data      Debug   

      8032       1270       9924        112       2368      35754   Grand Totals
      8032       1270       9924        112       2368      35754   ELF Image Totals
      8032       1270       9924        112          0          0   ROM Totals

==============================================================================

    Total RO  Size (Code + RO Data)                17956 (  17.54kB)
    Total RW  Size (RW Data + ZI Data)              2480 (   2.42kB)
    Total ROM Size (Code + RO Data + RW Data)      18068 (  17.64kB)

==============================================================================

